[master ccee180] 0 of 100
 Committer: CS24000 Account <cs240@data.cs.purdue.edu>
Your name and email address were configured automatically based
on your username and hostname. Please check that they are accurate.
You can suppress this message by setting them explicitly:

    git config --global user.name "Your Name"
    git config --global user.email you@example.com

After doing this, you may fix the identity used for this commit with:

    git commit --amend --reset-author

 3 files changed, 18 insertions(+)
 create mode 100644 test/.local.git.out
 create mode 100644 test/.local.total.out
 create mode 100644 test/total.out
[master db052ae] 0 of 100
 Committer: CS24000 Account <cs240@data.cs.purdue.edu>
Your name and email address were configured automatically based
on your username and hostname. Please check that they are accurate.
You can suppress this message by setting them explicitly. Run the
following command and follow the instructions in your editor to edit
your configuration file:

    git config --global --edit

After doing this, you may fix the identity used for this commit with:

    git commit --amend --reset-author

 6 files changed, 30 insertions(+), 4 deletions(-)
[master f4ac365] 60 of 100
 Committer: CS24000 Account <cs240@data.cs.purdue.edu>
Your name and email address were configured automatically based
on your username and hostname. Please check that they are accurate.
You can suppress this message by setting them explicitly. Run the
following command and follow the instructions in your editor to edit
your configuration file:

    git config --global --edit

After doing this, you may fix the identity used for this commit with:

    git commit --amend --reset-author

 4 files changed, 28 insertions(+), 4 deletions(-)
 create mode 100755 high-low
[master c28b481] 100 of 100
 Committer: CS24000 Account <cs240@data.cs.purdue.edu>
Your name and email address were configured automatically based
on your username and hostname. Please check that they are accurate.
You can suppress this message by setting them explicitly. Run the
following command and follow the instructions in your editor to edit
your configuration file:

    git config --global --edit

After doing this, you may fix the identity used for this commit with:

    git commit --amend --reset-author

 5 files changed, 30 insertions(+), 5 deletions(-)
[master (root-commit) b1d14b4] 0 of 100
 Committer: CS24000 Account <cs240@data.cs.purdue.edu>
Your name and email address were configured automatically based
on your username and hostname. Please check that they are accurate.
You can suppress this message by setting them explicitly. Run the
following command and follow the instructions in your editor to edit
your configuration file:

    git config --global --edit

After doing this, you may fix the identity used for this commit with:

    git commit --amend --reset-author

 21 files changed, 705 insertions(+)
 create mode 100644 add.c
 create mode 100644 add.h
 create mode 100644 exp.c
 create mode 100644 exp_dec.c
 create mode 100644 exp_short.c
 create mode 100644 high-low.c
 create mode 100755 minmax
 create mode 100644 minmax.c
 create mode 100644 test/.local.git.out
 create mode 100644 test/.local.total.out
 create mode 100644 test/README
 create mode 100644 test/README-NEW_TESTS
 create mode 100755 test/in1
 create mode 100755 test/test0
 create mode 100755 test/test1
 create mode 100755 test/test2
 create mode 100755 test/test3
 create mode 100755 test/test4
 create mode 100755 test/testall
 create mode 100644 test/testing.tcl
 create mode 100644 test/total.out
[master 30d96de] 0 of 100
 Committer: CS24000 Account <cs240@data.cs.purdue.edu>
Your name and email address were configured automatically based
on your username and hostname. Please check that they are accurate.
You can suppress this message by setting them explicitly. Run the
following command and follow the instructions in your editor to edit
your configuration file:

    git config --global --edit

After doing this, you may fix the identity used for this commit with:

    git commit --amend --reset-author

 2 files changed, 45 insertions(+)
[master 6b0d4b4] 0 of 100
 Committer: CS24000 Account <cs240@data.cs.purdue.edu>
Your name and email address were configured automatically based
on your username and hostname. Please check that they are accurate.
You can suppress this message by setting them explicitly. Run the
following command and follow the instructions in your editor to edit
your configuration file:

    git config --global --edit

After doing this, you may fix the identity used for this commit with:

    git commit --amend --reset-author

 3 files changed, 25 insertions(+)
[master d475b95] 20 of 100
 14 files changed, 61 insertions(+), 4 deletions(-)
 create mode 100644 .high-low.c.swp
 create mode 100755 a.out
 create mode 100644 add.o
 create mode 100755 exp
 create mode 100644 exp_short.o
 create mode 100755 hello
 create mode 100644 hello.c
 create mode 100755 high-low
 create mode 100644 high-low.o
 create mode 100755 high-low.org
[master 9d07334] 20 of 100
 3 files changed, 25 insertions(+), 3 deletions(-)
[master 135d449] 20 of 100
 5 files changed, 19 insertions(+), 6 deletions(-)
 rewrite high-low.o (83%)
[master c6d126c] 20 of 100
 4 files changed, 13 insertions(+), 1 deletion(-)
 create mode 100644 .high-low.swp
[master b633848] 20 of 100
 5 files changed, 14 insertions(+), 4 deletions(-)
 rewrite high-low.o (71%)
[master 194173a] 20 of 100
 5 files changed, 13 insertions(+), 1 deletion(-)
[master be2be45] 100 of 100
 6 files changed, 16 insertions(+), 6 deletions(-)
