CS251: . brow1325 Sat Mar 17 15:32:26 EDT 2018  Total:  28 of 70
CS251: . brow1325 Sat Mar 17 15:35:30 EDT 2018  Total:  56 of 70
CS251: . brow1325 Sat Mar 17 15:37:13 EDT 2018  Total:  70 of 70
CS251: . brow1325 Sat Mar 17 15:44:19 EDT 2018  Total:  0 of 0
CS251: . brow1325 Sat Mar 17 15:44:36 EDT 2018  Total:  70 of 70
CS251: . brow1325 Mon Mar 26 01:00:51 EDT 2018  Total:  0 of 30
CS251: . brow1325 Mon Mar 26 01:08:07 EDT 2018  Total:  0 of 30
CS251: . brow1325 Mon Mar 26 01:15:02 EDT 2018  Total:  0 of 30
CS251: . brow1325 Mon Mar 26 01:50:20 EDT 2018  Total:  0 of 30
CS251: . brow1325 Wed Mar 28 02:00:18 EDT 2018  Total:  70 of 100
