CS251: . elkindi Sat Feb 3 14:34:17 EST 2018  Total:  140 of 140
CS251: . elkindi Sat Feb 3 14:37:44 EST 2018  Total:  10 of 10
CS251: . elkindi Sat Feb 3 14:37:50 EST 2018  Total:  8 of 8
CS251: . elkindi Sat Feb 3 14:39:37 EST 2018  Total:  8 of 8
CS251: . elkindi Sat Feb 3 14:41:21 EST 2018  Total:  10 of 10
CS251: . elkindi Sat Feb 3 14:42:17 EST 2018  Total:  80 of 80
CS251: . elkindi Sat Feb 3 14:42:25 EST 2018  Total:  100 of 100
CS251: . elkindi Sat Feb 3 14:58:29 EST 2018  Total:  0 of 88
CS251: . elkindi Sat Feb 3 14:59:29 EST 2018  Total:  10 of 10
CS251: . elkindi Sat Feb 3 14:59:34 EST 2018  Total:  80 of 88
CS251: . elkindi Sat Feb 3 14:59:50 EST 2018  Total:  80 of 88
CS251: . elkindi Sat Feb 3 15:00:57 EST 2018  Total:  88 of 88
CS251: . elkindi Sat Feb 3 15:02:53 EST 2018  Total:  112 of 112
CS251: . elkindi Sat Feb 3 15:05:14 EST 2018  Total:  80 of 80
CS251: . elkindi Sat Feb 3 15:05:33 EST 2018  Total:  100 of 100
CS251: . elkindi Sat Feb 3 15:12:14 EST 2018  Total:  2 of 10
CS251: . elkindi Sat Feb 3 15:15:46 EST 2018  Total:  0 of 10
CS251: . elkindi Sat Feb 3 15:16:11 EST 2018  Total:  10 of 10
CS251: . elkindi Sat Feb 3 15:17:42 EST 2018  Total:  0 of 10
CS251: . elkindi Sat Feb 3 15:18:05 EST 2018  Total:  0 of 10
CS251: . elkindi Sat Feb 3 15:20:07 EST 2018  Total:  0 of 10
CS251: . elkindi Sat Feb 3 15:25:12 EST 2018  Total:  0 of 10
CS251: . elkindi Sat Feb 3 15:31:16 EST 2018  Total:  0 of 10
CS251: . elkindi Sat Feb 3 15:32:21 EST 2018  Total:  0 of 10
CS251: . elkindi Sat Feb 3 15:33:13 EST 2018  Total:  0 of 10
CS251: . elkindi Sat Feb 3 15:33:59 EST 2018  Total:  0 of 10
CS251: . elkindi Sat Feb 3 15:43:43 EST 2018  Total:  0 of 10
CS251: . elkindi Sat Feb 3 15:43:48 EST 2018  Total:  0 of 10
CS251: . elkindi Sat Feb 3 15:45:15 EST 2018  Total:  0 of 80
CS251: . elkindi Sat Feb 3 15:48:47 EST 2018  Total:  0 of 10
CS251: . elkindi Sat Feb 3 15:48:49 EST 2018  Total:  0 of 10
CS251: . elkindi Sat Feb 3 15:48:52 EST 2018  Total:  0 of 80
CS251: . brow1325 Sat Feb 24 22:34:16 EST 2018  Total:  0 of 10
CS251: . brow1325 Sat Feb 24 22:35:32 EST 2018  Total:  0 of 10
CS251: . brow1325 Sat Feb 24 23:27:22 EST 2018  Total:  0 of 10
CS251: . brow1325 Sat Feb 24 23:34:06 EST 2018  Total:  0 of 10
CS251: . brow1325 Sat Feb 24 23:34:54 EST 2018  Total:  0 of 10
CS251: . brow1325 Sat Feb 24 23:36:40 EST 2018  Total:  0 of 10
CS251: . brow1325 Sat Feb 24 23:38:50 EST 2018  Total:  0 of 10
CS251: . brow1325 Sat Feb 24 23:42:11 EST 2018  Total:  0 of 10
CS251: . brow1325 Sun Feb 25 00:17:39 EST 2018  Total:  0 of 10
CS251: . brow1325 Sun Feb 25 00:19:56 EST 2018  Total:  0 of 10
CS251: . brow1325 Sun Feb 25 00:31:22 EST 2018  Total:  0 of 10
CS251: . brow1325 Sun Feb 25 00:35:55 EST 2018  Total:  10 of 100
CS251: . brow1325 Sun Feb 25 00:36:04 EST 2018  Total:  0 of 10
CS251: . brow1325 Sun Feb 25 14:15:50 EST 2018  Total:  0 of 10
CS251: . brow1325 Sun Feb 25 21:03:51 EST 2018  Total:  0 of 10
CS251: . brow1325 Sun Feb 25 22:10:15 EST 2018  Total:  0 of 10
CS251: . brow1325 Sun Feb 25 22:12:21 EST 2018  Total:  0 of 10
CS251: . brow1325 Sun Feb 25 22:24:51 EST 2018  Total:  0 of 10
CS251: . brow1325 Mon Feb 26 01:14:15 EST 2018  Total:  0 of 10
CS251: . brow1325 Mon Feb 26 10:50:28 EST 2018  Total:  10 of 100
CS251: . brow1325 Mon Feb 26 10:50:39 EST 2018  Total:  0 of 10
CS251: . brow1325 Mon Feb 26 11:03:02 EST 2018  Total:  10 of 100
CS251: . brow1325 Mon Feb 26 11:08:25 EST 2018  Total:  0 of 10
CS251: . brow1325 Mon Feb 26 11:09:39 EST 2018  Total:  0 of 10
CS251: . brow1325 Mon Feb 26 14:17:48 EST 2018  Total:  0 of 10
CS251: . brow1325 Mon Feb 26 14:21:08 EST 2018  Total:  0 of 10
CS251: . brow1325 Mon Feb 26 14:38:40 EST 2018  Total:  0 of 10
CS251: . brow1325 Mon Feb 26 15:03:12 EST 2018  Total:  0 of 10
CS251: . brow1325 Mon Feb 26 15:43:41 EST 2018  Total:  0 of 10
CS251: . brow1325 Mon Feb 26 15:44:17 EST 2018  Total:  0 of 10
CS251: . brow1325 Mon Feb 26 15:53:08 EST 2018  Total:  0 of 10
CS251: . brow1325 Mon Feb 26 16:15:26 EST 2018  Total:  0 of 10
CS251: . brow1325 Mon Feb 26 16:32:00 EST 2018  Total:  0 of 10
CS251: . brow1325 Mon Feb 26 16:32:55 EST 2018  Total:  0 of 0
CS251: . brow1325 Mon Feb 26 16:33:09 EST 2018  Total:  0 of 10
CS251: . brow1325 Mon Feb 26 17:01:20 EST 2018  Total:  5 of 10
CS251: . brow1325 Mon Feb 26 17:08:32 EST 2018  Total:  5 of 10
CS251: . brow1325 Mon Feb 26 17:12:11 EST 2018  Total:  5 of 10
CS251: . brow1325 Mon Feb 26 17:32:39 EST 2018  Total:  10 of 10
CS251: . brow1325 Mon Feb 26 18:50:22 EST 2018  Total:  0 of 80
CS251: . brow1325 Mon Feb 26 19:03:06 EST 2018  Total:  0 of 80
CS251: . brow1325 Mon Feb 26 19:12:17 EST 2018  Total:  0 of 80
CS251: . brow1325 Mon Feb 26 19:13:31 EST 2018  Total:  0 of 80
CS251: . brow1325 Mon Feb 26 20:12:41 EST 2018  Total:  0 of 80
CS251: . brow1325 Mon Feb 26 20:14:12 EST 2018  Total:  7 of 80
CS251: . brow1325 Mon Feb 26 20:16:06 EST 2018  Total:  7 of 80
CS251: . brow1325 Mon Feb 26 20:16:39 EST 2018  Total:  7 of 80
CS251: . brow1325 Mon Feb 26 20:17:34 EST 2018  Total:  7 of 80
CS251: . brow1325 Mon Feb 26 20:18:32 EST 2018  Total:  37 of 80
CS251: . brow1325 Mon Feb 26 20:21:30 EST 2018  Total:  72 of 80
CS251: . brow1325 Mon Feb 26 21:34:13 EST 2018  Total:  0 of 80
CS251: . brow1325 Mon Feb 26 21:36:15 EST 2018  Total:  72 of 80
CS251: . brow1325 Mon Feb 26 21:41:20 EST 2018  Total:  72 of 80
CS251: . brow1325 Mon Feb 26 21:44:59 EST 2018  Total:  92 of 100
